// Jest Snapshot v1, https://goo.gl/fbAQLP

exports[`Card calls its callback 1`] = `
Object {
  "asFragment": [Function],
  "baseElement": <body>
    <div>
      <div
        class="react-card-flip"
        style="z-index: auto;"
      >
        <div
          class="react-card-flipper"
          style="position: relative; width: 100%; height: 100%;"
        >
          <div
            class="react-card-front"
            style="left: 0px; position: relative; top: 0px; transform: rotateY(0deg); width: 100%; height: 100%; z-index: 2; transition: 0.6s;"
          >
            <button
              class="card-front"
              data-testid="card"
              type="button"
            >
              AS
            </button>
          </div>
          <div
            class="react-card-back"
            style="left: 0px; position: absolute; transform: rotateY(-180deg); top: 0px; width: 100%; height: 100%; transition: 0.6s;"
          >
            <img
              alt="AS"
              src="path/to/image"
            />
          </div>
        </div>
      </div>
    </div>
  </body>,
  "container": <div>
    <div
      class="react-card-flip"
      style="z-index: auto;"
    >
      <div
        class="react-card-flipper"
        style="position: relative; width: 100%; height: 100%;"
      >
        <div
          class="react-card-front"
          style="left: 0px; position: relative; top: 0px; transform: rotateY(0deg); width: 100%; height: 100%; z-index: 2; transition: 0.6s;"
        >
          <button
            class="card-front"
            data-testid="card"
            type="button"
          >
            AS
          </button>
        </div>
        <div
          class="react-card-back"
          style="left: 0px; position: absolute; transform: rotateY(-180deg); top: 0px; width: 100%; height: 100%; transition: 0.6s;"
        >
          <img
            alt="AS"
            src="path/to/image"
          />
        </div>
      </div>
    </div>
  </div>,
  "debug": [Function],
  "findAllByAltText": [Function],
  "findAllByDisplayValue": [Function],
  "findAllByLabelText": [Function],
  "findAllByPlaceholderText": [Function],
  "findAllByRole": [Function],
  "findAllByTestId": [Function],
  "findAllByText": [Function],
  "findAllByTitle": [Function],
  "findByAltText": [Function],
  "findByDisplayValue": [Function],
  "findByLabelText": [Function],
  "findByPlaceholderText": [Function],
  "findByRole": [Function],
  "findByTestId": [Function],
  "findByText": [Function],
  "findByTitle": [Function],
  "getAllByAltText": [Function],
  "getAllByDisplayValue": [Function],
  "getAllByLabelText": [Function],
  "getAllByPlaceholderText": [Function],
  "getAllByRole": [Function],
  "getAllByTestId": [Function],
  "getAllByText": [Function],
  "getAllByTitle": [Function],
  "getByAltText": [Function],
  "getByDisplayValue": [Function],
  "getByLabelText": [Function],
  "getByPlaceholderText": [Function],
  "getByRole": [Function],
  "getByTestId": [Function],
  "getByText": [Function],
  "getByTitle": [Function],
  "queryAllByAltText": [Function],
  "queryAllByDisplayValue": [Function],
  "queryAllByLabelText": [Function],
  "queryAllByPlaceholderText": [Function],
  "queryAllByRole": [Function],
  "queryAllByTestId": [Function],
  "queryAllByText": [Function],
  "queryAllByTitle": [Function],
  "queryByAltText": [Function],
  "queryByDisplayValue": [Function],
  "queryByLabelText": [Function],
  "queryByPlaceholderText": [Function],
  "queryByRole": [Function],
  "queryByTestId": [Function],
  "queryByText": [Function],
  "queryByTitle": [Function],
  "rerender": [Function],
  "unmount": [Function],
}
`;
